[3002:0x103000000]       80 ms: Scavenge 3.4 (6.3) -> 3.1 (7.3) MB, 1.1 / 0.0 ms  allocation failure 
[3002:0x103000000]       91 ms: Scavenge 3.6 (7.3) -> 3.6 (8.3) MB, 1.1 / 0.0 ms  allocation failure 
[3002:0x103000000]      110 ms: Scavenge 4.6 (8.3) -> 4.5 (11.3) MB, 0.6 / 0.0 ms  allocation failure 
[3002:0x103000000]      113 ms: Scavenge 5.8 (11.3) -> 5.8 (11.8) MB, 1.2 / 0.0 ms  allocation failure 
[3002:0x103000000]      114 ms: Scavenge 6.4 (11.8) -> 6.4 (17.3) MB, 1.2 / 0.0 ms  allocation failure 
[3002:0x103000000]      118 ms: Scavenge 9.7 (17.3) -> 9.7 (17.8) MB, 1.5 / 0.0 ms  allocation failure 
[3002:0x103000000]      120 ms: Scavenge 10.3 (17.8) -> 10.1 (29.3) MB, 1.6 / 0.0 ms  allocation failure 
[3002:0x103000000]      133 ms: Scavenge 17.3 (29.3) -> 17.5 (29.3) MB, 2.8 / 0.0 ms  allocation failure 
[3002:0x103000000]      137 ms: Scavenge 17.8 (29.3) -> 17.4 (53.3) MB, 3.8 / 0.0 ms  allocation failure 
[3002:0x103000000]      147 ms: Scavenge 32.8 (53.3) -> 33.0 (53.3) MB, 4.5 / 0.0 ms  allocation failure 
[3002:0x103000000]      152 ms: Scavenge 33.1 (53.3) -> 32.4 (68.8) MB, 5.3 / 0.0 ms  allocation failure 
[3002:0x103000000]      158 ms: Scavenge 48.5 (69.4) -> 49.3 (69.4) MB, 3.2 / 0.0 ms  allocation failure 
[3002:0x103000000]      163 ms: Scavenge 49.3 (69.4) -> 48.6 (84.9) MB, 5.5 / 0.0 ms  allocation failure 
[3002:0x103000000]      168 ms: Scavenge 64.3 (84.9) -> 65.0 (85.9) MB, 3.4 / 0.0 ms  allocation failure 
[3002:0x103000000]      174 ms: Scavenge 65.1 (85.9) -> 64.3 (101.4) MB, 5.7 / 0.0 ms  allocation failure 
[3002:0x103000000]      179 ms: Scavenge 80.9 (102.3) -> 81.6 (102.8) MB, 3.0 / 0.0 ms  allocation failure 
[3002:0x103000000]      185 ms: Scavenge 81.7 (102.8) -> 80.9 (117.8) MB, 5.9 / 0.0 ms  allocation failure 
[3002:0x103000000]      192 ms: Scavenge 96.6 (117.8) -> 97.4 (119.3) MB, 5.4 / 0.0 ms  allocation failure 
[3002:0x103000000]      201 ms: Scavenge 97.4 (119.3) -> 96.6 (133.8) MB, 8.6 / 0.0 ms  allocation failure 
[3002:0x103000000]      208 ms: Scavenge 113.7 (135.1) -> 114.4 (135.6) MB, 2.8 / 0.0 ms  allocation failure 
[3002:0x103000000]      213 ms: Scavenge 114.4 (135.6) -> 113.7 (151.6) MB, 5.7 / 0.0 ms  allocation failure 
[3002:0x103000000]      219 ms: Scavenge 129.4 (151.6) -> 130.2 (153.1) MB, 4.0 / 0.0 ms  allocation failure 
[3002:0x103000000]      228 ms: Scavenge 130.2 (153.1) -> 129.4 (168.1) MB, 9.1 / 0.0 ms  allocation failure 
[3002:0x103000000]      249 ms: Scavenge 145.1 (168.1) -> 145.9 (169.1) MB, 3.9 / 0.0 ms  allocation failure 
[3002:0x103000000]      259 ms: Scavenge 145.9 (169.1) -> 145.1 (184.6) MB, 10.4 / 0.0 ms  allocation failure 
[3002:0x103000000]      298 ms: Scavenge 162.8 (186.6) -> 163.6 (186.6) MB, 3.1 / 0.0 ms  allocation failure 
[3002:0x103000000]      309 ms: Scavenge 163.6 (186.6) -> 162.8 (202.6) MB, 9.8 / 0.0 ms  allocation failure 
[3002:0x103000000]      342 ms: Mark-sweep 172.5 (202.6) -> 170.3 (200.1) MB, 2.5 / 0.0 ms  (+ 75.5 ms in 653 steps since start of marking, biggest step 5.2 ms, walltime since start of marking 128 ms) finalize incremental marking via stack guard GC in old space requested
[3002:0x103000000]      355 ms: Scavenge 176.3 (200.1) -> 176.6 (209.1) MB, 12.7 / 0.0 ms  allocation failure 
[3002:0x103000000]      364 ms: Scavenge 186.0 (209.1) -> 186.2 (216.6) MB, 6.1 / 0.0 ms  allocation failure 
[3002:0x103000000]      373 ms: Scavenge 192.0 (216.6) -> 191.8 (227.1) MB, 8.5 / 0.0 ms  allocation failure 
[3002:0x103000000]      379 ms: Scavenge 201.4 (227.1) -> 201.6 (233.6) MB, 4.8 / 0.0 ms  allocation failure 
[3002:0x103000000]      387 ms: Scavenge 207.2 (233.6) -> 207.0 (244.6) MB, 7.2 / 0.0 ms  allocation failure 
[3002:0x103000000]      396 ms: Scavenge 219.8 (247.6) -> 220.0 (255.1) MB, 5.3 / 0.0 ms  allocation failure 
[3002:0x103000000]      407 ms: Scavenge 225.4 (255.1) -> 225.1 (266.6) MB, 10.0 / 0.0 ms  allocation failure 
[3002:0x103000000]      416 ms: Scavenge 235.2 (266.6) -> 235.3 (273.6) MB, 7.3 / 0.0 ms  allocation failure 
[3002:0x103000000]      426 ms: Scavenge 240.6 (273.6) -> 240.3 (285.1) MB, 10.1 / 0.0 ms  allocation failure 
[3002:0x103000000]      437 ms: Scavenge 250.6 (285.1) -> 250.8 (291.6) MB, 9.2 / 0.0 ms  allocation failure 
[3002:0x103000000]      446 ms: Scavenge 255.8 (291.6) -> 255.6 (303.1) MB, 8.0 / 0.0 ms  allocation failure 
[3002:0x103000000]      452 ms: Scavenge 266.0 (303.1) -> 266.3 (309.1) MB, 4.7 / 0.0 ms  allocation failure 
[3002:0x103000000]      458 ms: Scavenge 271.0 (309.1) -> 270.7 (320.6) MB, 6.2 / 0.0 ms  allocation failure 
[3002:0x103000000]      464 ms: Scavenge 281.5 (320.6) -> 281.8 (327.1) MB, 5.0 / 0.0 ms  allocation failure 
[3002:0x103000000]      473 ms: Scavenge 286.2 (327.1) -> 285.8 (339.6) MB, 8.2 / 0.0 ms  allocation failure 
[3002:0x103000000]      479 ms: Scavenge 296.9 (339.6) -> 297.3 (345.1) MB, 4.6 / 0.0 ms  allocation failure 
[3002:0x103000000]      487 ms: Scavenge 301.3 (345.1) -> 300.9 (357.6) MB, 7.3 / 0.0 ms  allocation failure 
[3002:0x103000000]      494 ms: Scavenge 312.4 (357.6) -> 312.8 (362.6) MB, 5.2 / 0.0 ms  allocation failure 
[3002:0x103000000]      507 ms: Scavenge 316.4 (362.6) -> 316.0 (370.1) MB, 8.2 / 0.0 ms  allocation failure 
[3002:0x103000000]      556 ms: Scavenge 332.3 (374.5) -> 332.8 (378.0) MB, 6.2 / 0.0 ms  allocation failure 
[3002:0x103000000]      583 ms: Scavenge 335.9 (378.0) -> 335.4 (391.0) MB, 11.3 / 0.0 ms  allocation failure 
[3002:0x103000000]      697 ms: Mark-sweep 347.7 (391.0) -> 344.2 (373.2) MB, 5.5 / 0.0 ms  (+ 161.9 ms in 491 steps since start of marking, biggest step 5.9 ms, walltime since start of marking 210 ms) finalize incremental marking via stack guard GC in old space requested
[3002:0x103000000]      714 ms: Scavenge 347.7 (373.2) -> 347.9 (386.2) MB, 15.5 / 0.0 ms  allocation failure 
[3002:0x103000000]      730 ms: Scavenge 359.9 (386.2) -> 360.4 (390.2) MB, 7.8 / 0.0 ms  allocation failure 
[3002:0x103000000]      737 ms: Scavenge 363.5 (390.2) -> 363.0 (403.7) MB, 6.6 / 0.0 ms  allocation failure 
[3002:0x103000000]      742 ms: Scavenge 375.5 (403.7) -> 376.1 (407.7) MB, 4.1 / 0.0 ms  allocation failure 
[3002:0x103000000]      748 ms: Scavenge 378.6 (407.7) -> 378.0 (421.7) MB, 6.2 / 0.0 ms  allocation failure 
[3002:0x103000000]      754 ms: Scavenge 391.1 (421.7) -> 391.7 (425.7) MB, 4.1 / 0.0 ms  allocation failure 
[3002:0x103000000]      765 ms: Scavenge 393.6 (425.7) -> 393.0 (439.7) MB, 11.4 / 0.0 ms  allocation failure 
[3002:0x103000000]      774 ms: Scavenge 406.7 (439.7) -> 407.3 (442.7) MB, 6.7 / 0.0 ms  allocation failure 
[3002:0x103000000]      785 ms: Scavenge 408.6 (442.7) -> 408.0 (457.7) MB, 10.5 / 0.0 ms  allocation failure 
[3002:0x103000000]      794 ms: Scavenge 422.3 (457.7) -> 422.9 (459.2) MB, 6.9 / 0.0 ms  allocation failure 
[3002:0x103000000]      801 ms: Scavenge 423.6 (459.2) -> 423.0 (475.2) MB, 7.6 / 0.0 ms  allocation failure 
[3002:0x103000000]      807 ms: Scavenge 437.9 (475.2) -> 438.7 (477.2) MB, 3.8 / 0.0 ms  allocation failure 
[3002:0x103000000]      815 ms: Scavenge 438.7 (477.2) -> 437.9 (493.7) MB, 8.4 / 0.0 ms  allocation failure 
[3002:0x103000000]      821 ms: Scavenge 453.6 (493.7) -> 454.3 (495.7) MB, 3.8 / 0.0 ms  allocation failure 
[3002:0x103000000]      829 ms: Scavenge 454.4 (495.7) -> 453.6 (511.7) MB, 8.0 / 0.0 ms  allocation failure 
[3002:0x103000000]      834 ms: Scavenge 469.3 (511.7) -> 470.1 (513.7) MB, 3.6 / 0.0 ms  allocation failure 
[3002:0x103000000]      844 ms: Scavenge 470.1 (513.7) -> 469.3 (530.2) MB, 10.1 / 0.0 ms  allocation failure 
[3002:0x103000000]      856 ms: Scavenge 491.7 (536.9) -> 492.4 (538.9) MB, 3.8 / 0.0 ms  allocation failure 
[3002:0x103000000]      865 ms: Scavenge 492.5 (538.9) -> 491.7 (554.9) MB, 8.6 / 0.0 ms  allocation failure 
[3002:0x103000000]      870 ms: Scavenge 507.4 (554.9) -> 508.2 (556.9) MB, 3.8 / 0.0 ms  allocation failure 
[3002:0x103000000]      879 ms: Scavenge 508.2 (556.9) -> 507.4 (572.4) MB, 9.0 / 0.0 ms  allocation failure 
[3002:0x103000000]      885 ms: Scavenge 523.1 (572.4) -> 523.9 (574.4) MB, 3.9 / 0.0 ms  allocation failure 
[3002:0x103000000]      895 ms: Scavenge 523.9 (574.4) -> 523.2 (590.9) MB, 9.3 / 0.0 ms  allocation failure 
[3002:0x103000000]      900 ms: Scavenge 538.9 (590.9) -> 539.6 (592.9) MB, 3.7 / 0.0 ms  allocation failure 
[3002:0x103000000]      908 ms: Scavenge 539.7 (592.9) -> 538.9 (609.4) MB, 8.3 / 0.0 ms  allocation failure 
[3002:0x103000000]      914 ms: Scavenge 554.6 (609.4) -> 555.4 (611.4) MB, 3.7 / 0.0 ms  allocation failure 
[3002:0x103000000]      928 ms: Scavenge 555.4 (611.4) -> 554.6 (627.9) MB, 14.2 / 0.0 ms  allocation failure 
[3002:0x103000000]      935 ms: Scavenge 570.3 (627.9) -> 571.1 (629.9) MB, 4.1 / 0.0 ms  allocation failure 
[3002:0x103000000]      945 ms: Scavenge 571.1 (629.9) -> 570.4 (646.4) MB, 10.2 / 0.0 ms  allocation failure 
[3002:0x103000000]      953 ms: Scavenge 586.1 (646.4) -> 586.8 (648.4) MB, 5.4 / 0.0 ms  allocation failure 
[3002:0x103000000]      965 ms: Scavenge 586.9 (648.4) -> 586.1 (664.9) MB, 12.2 / 0.0 ms  allocation failure 
[3002:0x103000000]      971 ms: Scavenge 601.8 (664.9) -> 602.6 (666.9) MB, 4.0 / 0.0 ms  allocation failure 
[3002:0x103000000]      982 ms: Scavenge 602.6 (666.9) -> 601.8 (683.4) MB, 10.6 / 0.0 ms  allocation failure 
[3002:0x103000000]      988 ms: Scavenge 617.5 (683.4) -> 618.3 (685.4) MB, 4.1 / 0.0 ms  allocation failure 
[3002:0x103000000]      996 ms: Scavenge 618.3 (685.4) -> 617.6 (701.9) MB, 7.5 / 0.0 ms  allocation failure 
[3002:0x103000000]     1121 ms: Scavenge 633.3 (701.9) -> 634.1 (701.9) MB, 5.0 / 0.0 ms  allocation failure 
[3002:0x103000000]     1132 ms: Scavenge 634.1 (701.9) -> 633.3 (701.9) MB, 11.4 / 0.0 ms  allocation failure 
[3002:0x103000000]     1323 ms: Mark-sweep 639.6 (701.9) -> 632.3 (673.5) MB, 4.3 / 0.0 ms  (+ 303.5 ms in 350 steps since start of marking, biggest step 5.4 ms, walltime since start of marking 341 ms) finalize incremental marking via stack guard GC in old space requested
[3002:0x103000000]     1349 ms: Scavenge 641.7 (673.5) -> 642.1 (679.0) MB, 23.6 / 0.0 ms  allocation failure 
[3002:0x103000000]     1356 ms: Scavenge 648.0 (679.0) -> 647.8 (689.5) MB, 6.3 / 0.0 ms  allocation failure 
[3002:0x103000000]     1362 ms: Scavenge 657.3 (689.5) -> 657.5 (696.5) MB, 5.3 / 0.0 ms  allocation failure 
[3002:0x103000000]     1369 ms: Scavenge 663.2 (696.5) -> 663.0 (707.0) MB, 5.9 / 0.0 ms  allocation failure 
[3002:0x103000000]     1375 ms: Scavenge 672.7 (707.0) -> 672.9 (714.0) MB, 4.8 / 0.0 ms  allocation failure 
[3002:0x103000000]     1381 ms: Scavenge 678.4 (714.0) -> 678.2 (725.0) MB, 5.7 / 0.0 ms  allocation failure 
[3002:0x103000000]     1387 ms: Scavenge 688.1 (725.0) -> 688.4 (732.0) MB, 4.8 / 0.0 ms  allocation failure 
[3002:0x103000000]     1393 ms: Scavenge 693.6 (732.0) -> 693.4 (743.0) MB, 5.7 / 0.0 ms  allocation failure 
[3002:0x103000000]     1399 ms: Scavenge 703.5 (743.0) -> 703.7 (750.0) MB, 4.6 / 0.0 ms  allocation failure 
[3002:0x103000000]     1405 ms: Scavenge 708.8 (750.0) -> 708.6 (761.0) MB, 6.2 / 0.0 ms  allocation failure 
[3002:0x103000000]     1419 ms: Scavenge 728.9 (770.9) -> 729.2 (777.4) MB, 4.9 / 0.0 ms  allocation failure 
[3002:0x103000000]     1425 ms: Scavenge 734.0 (777.4) -> 733.6 (788.9) MB, 5.1 / 0.0 ms  allocation failure 
[3002:0x103000000]     1432 ms: Scavenge 744.3 (788.9) -> 744.7 (795.4) MB, 5.9 / 0.0 ms  allocation failure 
[3002:0x103000000]     1439 ms: Scavenge 749.1 (795.4) -> 748.7 (806.9) MB, 6.6 / 0.0 ms  allocation failure 
[3002:0x103000000]     1445 ms: Scavenge 759.8 (806.9) -> 760.1 (812.4) MB, 5.0 / 0.0 ms  allocation failure 
[3002:0x103000000]     1452 ms: Scavenge 764.2 (812.4) -> 763.8 (824.9) MB, 6.6 / 0.0 ms  allocation failure 
[3002:0x103000000]     1458 ms: Scavenge 775.3 (824.9) -> 775.7 (830.4) MB, 4.3 / 0.0 ms  allocation failure 
[3002:0x103000000]     1464 ms: Scavenge 779.3 (830.4) -> 778.9 (843.4) MB, 6.5 / 0.0 ms  allocation failure 
[3002:0x103000000]     1470 ms: Scavenge 790.8 (843.4) -> 791.3 (847.9) MB, 4.2 / 0.0 ms  allocation failure 
[3002:0x103000000]     1477 ms: Scavenge 794.5 (847.9) -> 794.0 (860.4) MB, 6.6 / 0.0 ms  allocation failure 
[3002:0x103000000]     1484 ms: Scavenge 806.3 (860.4) -> 806.8 (864.9) MB, 5.6 / 0.0 ms  allocation failure 
[3002:0x103000000]     1494 ms: Scavenge 809.5 (864.9) -> 809.0 (878.9) MB, 10.3 / 0.0 ms  allocation failure 
[3002:0x103000000]     1501 ms: Scavenge 821.9 (878.9) -> 822.5 (883.4) MB, 5.3 / 0.0 ms  allocation failure 
[3002:0x103000000]     1513 ms: Scavenge 824.6 (883.4) -> 824.0 (897.4) MB, 10.9 / 0.0 ms  allocation failure 
